Archive member included to satisfy reference by file (symbol)

d:/st/stm32cubeide_1.8.0/stm32cubeide/plugins/com.st.stm32cube.ide.mcu.externaltools.gnu-tools-for-stm32.9-2020-q2-update.win32_2.0.0.202105311346/tools/bin/../lib/gcc/arm-none-eabi/9.3.1/../../../../arm-none-eabi/lib/thumb/v7e-m+fp/hard\libc_nano.a(lib_a-errno.o)
                              ./Src/syscalls.o (__errno)
d:/st/stm32cubeide_1.8.0/stm32cubeide/plugins/com.st.stm32cube.ide.mcu.externaltools.gnu-tools-for-stm32.9-2020-q2-update.win32_2.0.0.202105311346/tools/bin/../lib/gcc/arm-none-eabi/9.3.1/../../../../arm-none-eabi/lib/thumb/v7e-m+fp/hard\libc_nano.a(lib_a-exit.o)
                              d:/st/stm32cubeide_1.8.0/stm32cubeide/plugins/com.st.stm32cube.ide.mcu.externaltools.gnu-tools-for-stm32.9-2020-q2-update.win32_2.0.0.202105311346/tools/bin/../lib/gcc/arm-none-eabi/9.3.1/../../../../arm-none-eabi/lib/thumb/v7e-m+fp/hard/crt0.o (exit)
d:/st/stm32cubeide_1.8.0/stm32cubeide/plugins/com.st.stm32cube.ide.mcu.externaltools.gnu-tools-for-stm32.9-2020-q2-update.win32_2.0.0.202105311346/tools/bin/../lib/gcc/arm-none-eabi/9.3.1/../../../../arm-none-eabi/lib/thumb/v7e-m+fp/hard\libc_nano.a(lib_a-impure.o)
                              d:/st/stm32cubeide_1.8.0/stm32cubeide/plugins/com.st.stm32cube.ide.mcu.externaltools.gnu-tools-for-stm32.9-2020-q2-update.win32_2.0.0.202105311346/tools/bin/../lib/gcc/arm-none-eabi/9.3.1/../../../../arm-none-eabi/lib/thumb/v7e-m+fp/hard\libc_nano.a(lib_a-exit.o) (_global_impure_ptr)
d:/st/stm32cubeide_1.8.0/stm32cubeide/plugins/com.st.stm32cube.ide.mcu.externaltools.gnu-tools-for-stm32.9-2020-q2-update.win32_2.0.0.202105311346/tools/bin/../lib/gcc/arm-none-eabi/9.3.1/../../../../arm-none-eabi/lib/thumb/v7e-m+fp/hard\libc_nano.a(lib_a-init.o)
                              d:/st/stm32cubeide_1.8.0/stm32cubeide/plugins/com.st.stm32cube.ide.mcu.externaltools.gnu-tools-for-stm32.9-2020-q2-update.win32_2.0.0.202105311346/tools/bin/../lib/gcc/arm-none-eabi/9.3.1/../../../../arm-none-eabi/lib/thumb/v7e-m+fp/hard/crt0.o (__libc_init_array)
d:/st/stm32cubeide_1.8.0/stm32cubeide/plugins/com.st.stm32cube.ide.mcu.externaltools.gnu-tools-for-stm32.9-2020-q2-update.win32_2.0.0.202105311346/tools/bin/../lib/gcc/arm-none-eabi/9.3.1/../../../../arm-none-eabi/lib/thumb/v7e-m+fp/hard\libc_nano.a(lib_a-memset.o)
                              d:/st/stm32cubeide_1.8.0/stm32cubeide/plugins/com.st.stm32cube.ide.mcu.externaltools.gnu-tools-for-stm32.9-2020-q2-update.win32_2.0.0.202105311346/tools/bin/../lib/gcc/arm-none-eabi/9.3.1/../../../../arm-none-eabi/lib/thumb/v7e-m+fp/hard/crt0.o (memset)
d:/st/stm32cubeide_1.8.0/stm32cubeide/plugins/com.st.stm32cube.ide.mcu.externaltools.gnu-tools-for-stm32.9-2020-q2-update.win32_2.0.0.202105311346/tools/bin/../lib/gcc/arm-none-eabi/9.3.1/../../../../arm-none-eabi/lib/thumb/v7e-m+fp/hard\libc_nano.a(lib_a-strlen.o)
                              ./Inc/Console/Console.o (strlen)
d:/st/stm32cubeide_1.8.0/stm32cubeide/plugins/com.st.stm32cube.ide.mcu.externaltools.gnu-tools-for-stm32.9-2020-q2-update.win32_2.0.0.202105311346/tools/bin/../lib/gcc/arm-none-eabi/9.3.1/../../../../arm-none-eabi/lib/thumb/v7e-m+fp/hard\libc_nano.a(lib_a-vscanf.o)
                              ./Inc/Console/Console.o (vscanf)
d:/st/stm32cubeide_1.8.0/stm32cubeide/plugins/com.st.stm32cube.ide.mcu.externaltools.gnu-tools-for-stm32.9-2020-q2-update.win32_2.0.0.202105311346/tools/bin/../lib/gcc/arm-none-eabi/9.3.1/../../../../arm-none-eabi/lib/thumb/v7e-m+fp/hard\libc_nano.a(lib_a-vsprintf.o)
                              ./Inc/Console/Console.o (vsprintf)
d:/st/stm32cubeide_1.8.0/stm32cubeide/plugins/com.st.stm32cube.ide.mcu.externaltools.gnu-tools-for-stm32.9-2020-q2-update.win32_2.0.0.202105311346/tools/bin/../lib/gcc/arm-none-eabi/9.3.1/../../../../arm-none-eabi/lib/thumb/v7e-m+fp/hard\libc_nano.a(lib_a-findfp.o)
                              d:/st/stm32cubeide_1.8.0/stm32cubeide/plugins/com.st.stm32cube.ide.mcu.externaltools.gnu-tools-for-stm32.9-2020-q2-update.win32_2.0.0.202105311346/tools/bin/../lib/gcc/arm-none-eabi/9.3.1/../../../../arm-none-eabi/lib/thumb/v7e-m+fp/hard\libc_nano.a(lib_a-vscanf.o) (__sinit)
d:/st/stm32cubeide_1.8.0/stm32cubeide/plugins/com.st.stm32cube.ide.mcu.externaltools.gnu-tools-for-stm32.9-2020-q2-update.win32_2.0.0.202105311346/tools/bin/../lib/gcc/arm-none-eabi/9.3.1/../../../../arm-none-eabi/lib/thumb/v7e-m+fp/hard\libc_nano.a(lib_a-fwalk.o)
                              d:/st/stm32cubeide_1.8.0/stm32cubeide/plugins/com.st.stm32cube.ide.mcu.externaltools.gnu-tools-for-stm32.9-2020-q2-update.win32_2.0.0.202105311346/tools/bin/../lib/gcc/arm-none-eabi/9.3.1/../../../../arm-none-eabi/lib/thumb/v7e-m+fp/hard\libc_nano.a(lib_a-findfp.o) (_fwalk)
[...]
Memory Configuration

Name             Origin             Length             Attributes
RAM              0x0000000020000000 0x0000000000020000 xrw
FLASH            0x0000000008000000 0x0000000000080000 xr
*default*        0x0000000000000000 0xffffffffffffffff

Linker script and memory map

LOAD d:/st/stm32cubeide_1.8.0/stm32cubeide/plugins/com.st.stm32cube.ide.mcu.externaltools.gnu-tools-for-stm32.9-2020-q2-update.win32_2.0.0.202105311346/tools/bin/../lib/gcc/arm-none-eabi/9.3.1/thumb/v7e-m+fp/hard/crti.o
LOAD d:/st/stm32cubeide_1.8.0/stm32cubeide/plugins/com.st.stm32cube.ide.mcu.externaltools.gnu-tools-for-stm32.9-2020-q2-update.win32_2.0.0.202105311346/tools/bin/../lib/gcc/arm-none-eabi/9.3.1/thumb/v7e-m+fp/hard/crtbegin.o
LOAD d:/st/stm32cubeide_1.8.0/stm32cubeide/plugins/com.st.stm32cube.ide.mcu.externaltools.gnu-tools-for-stm32.9-2020-q2-update.win32_2.0.0.202105311346/tools/bin/../lib/gcc/arm-none-eabi/9.3.1/../../../../arm-none-eabi/lib/thumb/v7e-m+fp/hard/crt0.o
LOAD ./Inc/Console/Console.o
LOAD ./Inc/GPIO/GPIO.o
LOAD ./Inc/SPI/SPI.o
LOAD ./Inc/W25QXX/W25QXX.o
LOAD ./Src/main.o
LOAD ./Src/syscalls.o
LOAD ./Src/sysmem.o
LOAD ./Src/system_stm32f4xx.o
LOAD ./Startup/startup_stm32f411ceux.o
START GROUP
LOAD d:/st/stm32cubeide_1.8.0/stm32cubeide/plugins/com.st.stm32cube.ide.mcu.externaltools.gnu-tools-for-stm32.9-2020-q2-update.win32_2.0.0.202105311346/tools/bin/../lib/gcc/arm-none-eabi/9.3.1/../../../../arm-none-eabi/lib/thumb/v7e-m+fp/hard\libc_nano.a
LOAD d:/st/stm32cubeide_1.8.0/stm32cubeide/plugins/com.st.stm32cube.ide.mcu.externaltools.gnu-tools-for-stm32.9-2020-q2-update.win32_2.0.0.202105311346/tools/bin/../lib/gcc/arm-none-eabi/9.3.1/../../../../arm-none-eabi/lib/thumb/v7e-m+fp/hard\libm.a
END GROUP
START GROUP
LOAD d:/st/stm32cubeide_1.8.0/stm32cubeide/plugins/com.st.stm32cube.ide.mcu.externaltools.gnu-tools-for-stm32.9-2020-q2-update.win32_2.0.0.202105311346/tools/bin/../lib/gcc/arm-none-eabi/9.3.1/thumb/v7e-m+fp/hard\libgcc.a
LOAD d:/st/stm32cubeide_1.8.0/stm32cubeide/plugins/com.st.stm32cube.ide.mcu.externaltools.gnu-tools-for-stm32.9-2020-q2-update.win32_2.0.0.202105311346/tools/bin/../lib/gcc/arm-none-eabi/9.3.1/../../../../arm-none-eabi/lib/thumb/v7e-m+fp/hard\libc_nano.a
END GROUP
START GROUP
LOAD d:/st/stm32cubeide_1.8.0/stm32cubeide/plugins/com.st.stm32cube.ide.mcu.externaltools.gnu-tools-for-stm32.9-2020-q2-update.win32_2.0.0.202105311346/tools/bin/../lib/gcc/arm-none-eabi/9.3.1/thumb/v7e-m+fp/hard\libgcc.a
LOAD d:/st/stm32cubeide_1.8.0/stm32cubeide/plugins/com.st.stm32cube.ide.mcu.externaltools.gnu-tools-for-stm32.9-2020-q2-update.win32_2.0.0.202105311346/tools/bin/../lib/gcc/arm-none-eabi/9.3.1/../../../../arm-none-eabi/lib/thumb/v7e-m+fp/hard\libc_nano.a
LOAD d:/st/stm32cubeide_1.8.0/stm32cubeide/plugins/com.st.stm32cube.ide.mcu.externaltools.gnu-tools-for-stm32.9-2020-q2-update.win32_2.0.0.202105311346/tools/bin/../lib/gcc/arm-none-eabi/9.3.1/../../../../arm-none-eabi/lib/thumb/v7e-m+fp/hard\libnosys.a
END GROUP
START GROUP
LOAD d:/st/stm32cubeide_1.8.0/stm32cubeide/plugins/com.st.stm32cube.ide.mcu.externaltools.gnu-tools-for-stm32.9-2020-q2-update.win32_2.0.0.202105311346/tools/bin/../lib/gcc/arm-none-eabi/9.3.1/thumb/v7e-m+fp/hard\libgcc.a
LOAD d:/st/stm32cubeide_1.8.0/stm32cubeide/plugins/com.st.stm32cube.ide.mcu.externaltools.gnu-tools-for-stm32.9-2020-q2-update.win32_2.0.0.202105311346/tools/bin/../lib/gcc/arm-none-eabi/9.3.1/../../../../arm-none-eabi/lib/thumb/v7e-m+fp/hard\libc_nano.a
LOAD d:/st/stm32cubeide_1.8.0/stm32cubeide/plugins/com.st.stm32cube.ide.mcu.externaltools.gnu-tools-for-stm32.9-2020-q2-update.win32_2.0.0.202105311346/tools/bin/../lib/gcc/arm-none-eabi/9.3.1/../../../../arm-none-eabi/lib/thumb/v7e-m+fp/hard\libnosys.a
END GROUP
LOAD d:/st/stm32cubeide_1.8.0/stm32cubeide/plugins/com.st.stm32cube.ide.mcu.externaltools.gnu-tools-for-stm32.9-2020-q2-update.win32_2.0.0.202105311346/tools/bin/../lib/gcc/arm-none-eabi/9.3.1/thumb/v7e-m+fp/hard/crtend.o
LOAD d:/st/stm32cubeide_1.8.0/stm32cubeide/plugins/com.st.stm32cube.ide.mcu.externaltools.gnu-tools-for-stm32.9-2020-q2-update.win32_2.0.0.202105311346/tools/bin/../lib/gcc/arm-none-eabi/9.3.1/thumb/v7e-m+fp/hard/crtn.o
                0x0000000020020000                _estack = (ORIGIN (RAM) + LENGTH (RAM))
                0x0000000000000200                _Min_Heap_Size = 0x200
                0x0000000000000400                _Min_Stack_Size = 0x400

.isr_vector     0x0000000008000000      0x198
                0x0000000008000000                . = ALIGN (0x4)
 *(.isr_vector)
 .isr_vector    0x0000000008000000      0x198 ./Startup/startup_stm32f411ceux.o
                0x0000000008000000                g_pfnVectors
                0x0000000008000198                . = ALIGN (0x4)

.text           0x0000000008000198     0x10b4
                0x0000000008000198                . = ALIGN (0x4)
 *(.text)
 .text          0x0000000008000198       0x40 d:/st/stm32cubeide_1.8.0/stm32cubeide/plugins/com.st.stm32cube.ide.mcu.externaltools.gnu-tools-for-stm32.9-2020-q2-update.win32_2.0.0.202105311346/tools/bin/../lib/gcc/arm-none-eabi/9.3.1/thumb/v7e-m+fp/hard/crtbegin.o
 *(.text*)
 .text.Console_Init
                0x00000000080001d8      0x150 ./Inc/Console/Console.o
                0x00000000080001d8                Console_Init
 .text.GPIO_Pin_Setup
                0x0000000008000328      0x144 ./Inc/GPIO/GPIO.o
                0x0000000008000328                GPIO_Pin_Setup
 .text.GPIO_Pin_High
                0x000000000800046c       0x28 ./Inc/GPIO/GPIO.o
                0x000000000800046c                GPIO_Pin_High
 .text.GPIO_Pin_Low
                0x0000000008000494       0x2a ./Inc/GPIO/GPIO.o
                0x0000000008000494                GPIO_Pin_Low
 *fill*         0x00000000080004be        0x2 
 .text.SPI_Init
                0x00000000080004c0      0x2e4 ./Inc/SPI/SPI.o
                0x00000000080004c0                SPI_Init
 .text.SPI_CSS_Low
                0x00000000080007a4       0x26 ./Inc/SPI/SPI.o
                0x00000000080007a4                SPI_CSS_Low
 .text.SPI_CSS_High
                0x00000000080007ca       0x26 ./Inc/SPI/SPI.o
                0x00000000080007ca                SPI_CSS_High
 .text.SPI_Send_Data
                0x00000000080007f0       0x4a ./Inc/SPI/SPI.o
                0x00000000080007f0                SPI_Send_Data
 .text.SPI_Receive_Data
                0x000000000800083a       0xa8 ./Inc/SPI/SPI.o
                0x000000000800083a                SPI_Receive_Data
 *fill*         0x00000000080008e2        0x2 
 .text.Delay_us
                0x00000000080008e4       0x60 ./Inc/W25QXX/W25QXX.o
 .text.W25Qx_Read_SR1
                0x0000000008000944       0x88 ./Inc/W25QXX/W25QXX.o
                0x0000000008000944                W25Qx_Read_SR1
 .text.W25Qx_Read_Busy_Bit
                0x00000000080009cc       0x2a ./Inc/W25QXX/W25QXX.o
 *fill*         0x00000000080009f6        0x2 
 .text.W25Qx_Flash_Write_Enable
                0x00000000080009f8       0x64 ./Inc/W25QXX/W25QXX.o
 .text.W25Qx_Write_SR1
                0x0000000008000a5c       0x74 ./Inc/W25QXX/W25QXX.o
 .text.W25Qx_Init
                0x0000000008000ad0       0xac ./Inc/W25QXX/W25QXX.o
                0x0000000008000ad0                W25Qx_Init
 .text.W25Qx_Chip_Erase
                0x0000000008000b7c       0x54 ./Inc/W25QXX/W25QXX.o
                0x0000000008000b7c                W25Qx_Chip_Erase
 .text.W25Qx_Write_Flash_Buffer
                0x0000000008000bd0       0xe4 ./Inc/W25QXX/W25QXX.o
                0x0000000008000bd0                W25Qx_Write_Flash_Buffer
 .text.W25Qx_Read_Flash_Buffer
                0x0000000008000cb4       0xf8 ./Inc/W25QXX/W25QXX.o
                0x0000000008000cb4                W25Qx_Read_Flash_Buffer
 .text.__NVIC_SetPriority
                0x0000000008000dac       0x54 ./Src/main.o
 .text.SysTick_Config
                0x0000000008000e00       0x44 ./Src/main.o
 .text.MCU_Clock_Setup
                0x0000000008000e44      0x11c ./Src/main.o
 .text.Delay_Config
                0x0000000008000f60       0x30 ./Src/main.o
 .text.Delay_ms
                0x0000000008000f90       0x44 ./Src/main.o
 .text.main     0x0000000008000fd4       0x7c ./Src/main.o
                0x0000000008000fd4                main
 .text.SystemInit
                0x0000000008001050       0x2c ./Src/system_stm32f4xx.o
                0x0000000008001050                SystemInit
 .text.SystemCoreClockUpdate
                0x000000000800107c      0x10c ./Src/system_stm32f4xx.o
                0x000000000800107c                SystemCoreClockUpdate
 .text.Reset_Handler
                0x0000000008001188       0x50 ./Startup/startup_stm32f411ceux.o
                0x0000000008001188                Reset_Handler
 .text.Default_Handler
                0x00000000080011d8        0x2 ./Startup/startup_stm32f411ceux.o
                0x00000000080011d8                RTC_Alarm_IRQHandler
                0x00000000080011d8                EXTI2_IRQHandler
                0x00000000080011d8                DebugMon_Handler
                0x00000000080011d8                SPI4_IRQHandler
                0x00000000080011d8                TIM1_CC_IRQHandler
                0x00000000080011d8                DMA2_Stream5_IRQHandler
                0x00000000080011d8                HardFault_Handler
                0x00000000080011d8                DMA1_Stream5_IRQHandler
                0x00000000080011d8                SysTick_Handler
                0x00000000080011d8                PVD_IRQHandler
                0x00000000080011d8                SDIO_IRQHandler
                0x00000000080011d8                TAMP_STAMP_IRQHandler
                0x00000000080011d8                PendSV_Handler
                0x00000000080011d8                NMI_Handler
                0x00000000080011d8                EXTI3_IRQHandler
                0x00000000080011d8                TIM1_UP_TIM10_IRQHandler
                0x00000000080011d8                I2C3_ER_IRQHandler
                0x00000000080011d8                EXTI0_IRQHandler
                0x00000000080011d8                I2C2_EV_IRQHandler
                0x00000000080011d8                DMA1_Stream2_IRQHandler
                0x00000000080011d8                FPU_IRQHandler
                0x00000000080011d8                UsageFault_Handler
                0x00000000080011d8                DMA2_Stream2_IRQHandler
                0x00000000080011d8                SPI1_IRQHandler
                0x00000000080011d8                TIM1_BRK_TIM9_IRQHandler
                0x00000000080011d8                DMA2_Stream3_IRQHandler
                0x00000000080011d8                USART6_IRQHandler
                0x00000000080011d8                DMA2_Stream0_IRQHandler
                0x00000000080011d8                TIM4_IRQHandler
                0x00000000080011d8                I2C1_EV_IRQHandler
                0x00000000080011d8                DMA1_Stream6_IRQHandler
                0x00000000080011d8                DMA1_Stream1_IRQHandler
                0x00000000080011d8                TIM3_IRQHandler
                0x00000000080011d8                RCC_IRQHandler
                0x00000000080011d8                Default_Handler
                0x00000000080011d8                EXTI15_10_IRQHandler
                0x00000000080011d8                ADC_IRQHandler
                0x00000000080011d8                DMA1_Stream7_IRQHandler
                0x00000000080011d8                SPI5_IRQHandler
                0x00000000080011d8                TIM5_IRQHandler
                0x00000000080011d8                DMA2_Stream7_IRQHandler
                0x00000000080011d8                I2C3_EV_IRQHandler
                0x00000000080011d8                EXTI9_5_IRQHandler
                0x00000000080011d8                RTC_WKUP_IRQHandler
                0x00000000080011d8                SPI2_IRQHandler
                0x00000000080011d8                MemManage_Handler
                0x00000000080011d8                DMA1_Stream0_IRQHandler
                0x00000000080011d8                SVC_Handler
                0x00000000080011d8                EXTI4_IRQHandler
                0x00000000080011d8                WWDG_IRQHandler
                0x00000000080011d8                TIM2_IRQHandler
                0x00000000080011d8                OTG_FS_WKUP_IRQHandler
                0x00000000080011d8                TIM1_TRG_COM_TIM11_IRQHandler
                0x00000000080011d8                EXTI1_IRQHandler
                0x00000000080011d8                USART2_IRQHandler
                0x00000000080011d8                I2C2_ER_IRQHandler
                0x00000000080011d8                DMA2_Stream1_IRQHandler
                0x00000000080011d8                FLASH_IRQHandler
                0x00000000080011d8                DMA2_Stream4_IRQHandler
                0x00000000080011d8                BusFault_Handler
                0x00000000080011d8                USART1_IRQHandler
                0x00000000080011d8                OTG_FS_IRQHandler
                0x00000000080011d8                SPI3_IRQHandler
                0x00000000080011d8                DMA1_Stream4_IRQHandler
                0x00000000080011d8                I2C1_ER_IRQHandler
                0x00000000080011d8                DMA2_Stream6_IRQHandler
                0x00000000080011d8                DMA1_Stream3_IRQHandler
 *fill*         0x00000000080011da        0x2 
 .text.__libc_init_array
                0x00000000080011dc       0x48 d:/st/stm32cubeide_1.8.0/stm32cubeide/plugins/com.st.stm32cube.ide.mcu.externaltools.gnu-tools-for-stm32.9-2020-q2-update.win32_2.0.0.202105311346/tools/bin/../lib/gcc/arm-none-eabi/9.3.1/../../../../arm-none-eabi/lib/thumb/v7e-m+fp/hard\libc_nano.a(lib_a-init.o)
                0x00000000080011dc                __libc_init_array
 .text.memset   0x0000000008001224       0x10 d:/st/stm32cubeide_1.8.0/stm32cubeide/plugins/com.st.stm32cube.ide.mcu.externaltools.gnu-tools-for-stm32.9-2020-q2-update.win32_2.0.0.202105311346/tools/bin/../lib/gcc/arm-none-eabi/9.3.1/../../../../arm-none-eabi/lib/thumb/v7e-m+fp/hard\libc_nano.a(lib_a-memset.o)
                0x0000000008001224                memset
 *(.glue_7)
 .glue_7        0x0000000008001234        0x0 linker stubs
 *(.glue_7t)
 .glue_7t       0x0000000008001234        0x0 linker stubs
 *(.eh_frame)
 .eh_frame      0x0000000008001234        0x0 d:/st/stm32cubeide_1.8.0/stm32cubeide/plugins/com.st.stm32cube.ide.mcu.externaltools.gnu-tools-for-stm32.9-2020-q2-update.win32_2.0.0.202105311346/tools/bin/../lib/gcc/arm-none-eabi/9.3.1/thumb/v7e-m+fp/hard/crtbegin.o
 *(.init)
 .init          0x0000000008001234        0x4 d:/st/stm32cubeide_1.8.0/stm32cubeide/plugins/com.st.stm32cube.ide.mcu.externaltools.gnu-tools-for-stm32.9-2020-q2-update.win32_2.0.0.202105311346/tools/bin/../lib/gcc/arm-none-eabi/9.3.1/thumb/v7e-m+fp/hard/crti.o
                0x0000000008001234                _init
 .init          0x0000000008001238        0x8 d:/st/stm32cubeide_1.8.0/stm32cubeide/plugins/com.st.stm32cube.ide.mcu.externaltools.gnu-tools-for-stm32.9-2020-q2-update.win32_2.0.0.202105311346/tools/bin/../lib/gcc/arm-none-eabi/9.3.1/thumb/v7e-m+fp/hard/crtn.o
 *(.fini)
 .fini          0x0000000008001240        0x4 d:/st/stm32cubeide_1.8.0/stm32cubeide/plugins/com.st.stm32cube.ide.mcu.externaltools.gnu-tools-for-stm32.9-2020-q2-update.win32_2.0.0.202105311346/tools/bin/../lib/gcc/arm-none-eabi/9.3.1/thumb/v7e-m+fp/hard/crti.o
                0x0000000008001240                _fini
 .fini          0x0000000008001244        0x8 d:/st/stm32cubeide_1.8.0/stm32cubeide/plugins/com.st.stm32cube.ide.mcu.externaltools.gnu-tools-for-stm32.9-2020-q2-update.win32_2.0.0.202105311346/tools/bin/../lib/gcc/arm-none-eabi/9.3.1/thumb/v7e-m+fp/hard/crtn.o
                0x000000000800124c                . = ALIGN (0x4)
                0x000000000800124c                _etext = .

.vfp11_veneer   0x000000000800124c        0x0
 .vfp11_veneer  0x000000000800124c        0x0 linker stubs

.v4_bx          0x000000000800124c        0x0
 .v4_bx         0x000000000800124c        0x0 linker stubs

.iplt           0x000000000800124c        0x0
 .iplt          0x000000000800124c        0x0 d:/st/stm32cubeide_1.8.0/stm32cubeide/plugins/com.st.stm32cube.ide.mcu.externaltools.gnu-tools-for-stm32.9-2020-q2-update.win32_2.0.0.202105311346/tools/bin/../lib/gcc/arm-none-eabi/9.3.1/thumb/v7e-m+fp/hard/crtbegin.o

.rodata         0x000000000800124c      0x3f8
                0x000000000800124c                . = ALIGN (0x4)
 *(.rodata)
 .rodata        0x000000000800124c      0x3e8 ./Src/main.o
 *(.rodata*)
 .rodata.AHBPrescTable
                0x0000000008001634       0x10 ./Src/system_stm32f4xx.o
                0x0000000008001634                AHBPrescTable
                0x0000000008001644                . = ALIGN (0x4)

.rel.dyn        0x0000000008001644        0x0
 .rel.iplt      0x0000000008001644        0x0 d:/st/stm32cubeide_1.8.0/stm32cubeide/plugins/com.st.stm32cube.ide.mcu.externaltools.gnu-tools-for-stm32.9-2020-q2-update.win32_2.0.0.202105311346/tools/bin/../lib/gcc/arm-none-eabi/9.3.1/thumb/v7e-m+fp/hard/crtbegin.o

.ARM.extab      0x0000000008001644        0x0
                0x0000000008001644                . = ALIGN (0x4)
 *(.ARM.extab* .gnu.linkonce.armextab.*)
                0x0000000008001644                . = ALIGN (0x4)

.ARM            0x0000000008001644        0x0
                0x0000000008001644                . = ALIGN (0x4)
                0x0000000008001644                __exidx_start = .
 *(.ARM.exidx*)
                0x0000000008001644                __exidx_end = .
                0x0000000008001644                . = ALIGN (0x4)

.preinit_array  0x0000000008001644        0x0
                0x0000000008001644                . = ALIGN (0x4)
                0x0000000008001644                PROVIDE (__preinit_array_start = .)
 *(.preinit_array*)
                0x0000000008001644                PROVIDE (__preinit_array_end = .)
                0x0000000008001644                . = ALIGN (0x4)

.init_array     0x0000000008001644        0x4
                0x0000000008001644                . = ALIGN (0x4)
                0x0000000008001644                PROVIDE (__init_array_start = .)
 *(SORT_BY_NAME(.init_array.*))
 *(.init_array*)
 .init_array    0x0000000008001644        0x4 d:/st/stm32cubeide_1.8.0/stm32cubeide/plugins/com.st.stm32cube.ide.mcu.externaltools.gnu-tools-for-stm32.9-2020-q2-update.win32_2.0.0.202105311346/tools/bin/../lib/gcc/arm-none-eabi/9.3.1/thumb/v7e-m+fp/hard/crtbegin.o
                0x0000000008001648                PROVIDE (__init_array_end = .)
                0x0000000008001648                . = ALIGN (0x4)

.fini_array     0x0000000008001648        0x4
                0x0000000008001648                . = ALIGN (0x4)
                [!provide]                        PROVIDE (__fini_array_start = .)
 *(SORT_BY_NAME(.fini_array.*))
 *(.fini_array*)
 .fini_array    0x0000000008001648        0x4 d:/st/stm32cubeide_1.8.0/stm32cubeide/plugins/com.st.stm32cube.ide.mcu.externaltools.gnu-tools-for-stm32.9-2020-q2-update.win32_2.0.0.202105311346/tools/bin/../lib/gcc/arm-none-eabi/9.3.1/thumb/v7e-m+fp/hard/crtbegin.o
                [!provide]                        PROVIDE (__fini_array_end = .)
                0x000000000800164c                . = ALIGN (0x4)
                0x000000000800164c                _sidata = LOADADDR (.data)

.data           0x0000000020000000        0x4 load address 0x000000000800164c
                0x0000000020000000                . = ALIGN (0x4)
                0x0000000020000000                _sdata = .
 *(.data)
 *(.data*)
 .data.SystemCoreClock
                0x0000000020000000        0x4 ./Src/system_stm32f4xx.o
                0x0000000020000000                SystemCoreClock
 *(.RamFunc)
 *(.RamFunc*)
                0x0000000020000004                . = ALIGN (0x4)
                0x0000000020000004                _edata = .

.igot.plt       0x0000000020000004        0x0 load address 0x0000000008001650
 .igot.plt      0x0000000020000004        0x0 d:/st/stm32cubeide_1.8.0/stm32cubeide/plugins/com.st.stm32cube.ide.mcu.externaltools.gnu-tools-for-stm32.9-2020-q2-update.win32_2.0.0.202105311346/tools/bin/../lib/gcc/arm-none-eabi/9.3.1/thumb/v7e-m+fp/hard/crtbegin.o
                0x0000000020000004                . = ALIGN (0x4)

.bss            0x0000000020000004       0x38 load address 0x0000000008001650
                0x0000000020000004                _sbss = .
                0x0000000020000004                __bss_start__ = _sbss
 *(.bss)
 .bss           0x0000000020000004       0x1c d:/st/stm32cubeide_1.8.0/stm32cubeide/plugins/com.st.stm32cube.ide.mcu.externaltools.gnu-tools-for-stm32.9-2020-q2-update.win32_2.0.0.202105311346/tools/bin/../lib/gcc/arm-none-eabi/9.3.1/thumb/v7e-m+fp/hard/crtbegin.o
 *(.bss*)
 *(COMMON)
 COMMON         0x0000000020000020       0x1c ./Inc/W25QXX/W25QXX.o
                0x0000000020000020                W25Q
                0x000000002000003c                . = ALIGN (0x4)
                0x000000002000003c                _ebss = .
                0x000000002000003c                __bss_end__ = _ebss

._user_heap_stack
                0x000000002000003c      0x604 load address 0x0000000008001650
                0x0000000020000040                . = ALIGN (0x8)
 *fill*         0x000000002000003c        0x4 
                [!provide]                        PROVIDE (end = .)
                0x0000000020000040                PROVIDE (_end = .)
                0x0000000020000240                . = (. + _Min_Heap_Size)
 *fill*         0x0000000020000040      0x200 
                0x0000000020000640                . = (. + _Min_Stack_Size)
 *fill*         0x0000000020000240      0x400 
                0x0000000020000640                . = ALIGN (0x8)

/DISCARD/
 libc.a(*)
 libm.a(*)
 libgcc.a(*)

.ARM.attributes
                0x0000000000000000       0x30
 *(.ARM.attributes)
 .ARM.attributes
                0x0000000000000000       0x1e d:/st/stm32cubeide_1.8.0/stm32cubeide/plugins/com.st.stm32cube.ide.mcu.externaltools.gnu-tools-for-stm32.9-2020-q2-update.win32_2.0.0.202105311346/tools/bin/../lib/gcc/arm-none-eabi/9.3.1/thumb/v7e-m+fp/hard/crti.o
 .ARM.attributes
                0x000000000000001e       0x34 d:/st/stm32cubeide_1.8.0/stm32cubeide/plugins/com.st.stm32cube.ide.mcu.externaltools.gnu-tools-for-stm32.9-2020-q2-update.win32_2.0.0.202105311346/tools/bin/../lib/gcc/arm-none-eabi/9.3.1/thumb/v7e-m+fp/hard/crtbegin.o
 .ARM.attributes
                0x0000000000000052       0x34 ./Inc/Console/Console.o
 .ARM.attributes
                0x0000000000000086       0x34 ./Inc/GPIO/GPIO.o
 .ARM.attributes
                0x00000000000000ba       0x34 ./Inc/SPI/SPI.o
 .ARM.attributes
                0x00000000000000ee       0x34 ./Inc/W25QXX/W25QXX.o
 .ARM.attributes
                0x0000000000000122       0x34 ./Src/main.o
 .ARM.attributes
                0x0000000000000156       0x34 ./Src/system_stm32f4xx.o
 .ARM.attributes
                0x000000000000018a       0x21 ./Startup/startup_stm32f411ceux.o
 .ARM.attributes
                0x00000000000001ab       0x34 d:/st/stm32cubeide_1.8.0/stm32cubeide/plugins/com.st.stm32cube.ide.mcu.externaltools.gnu-tools-for-stm32.9-2020-q2-update.win32_2.0.0.202105311346/tools/bin/../lib/gcc/arm-none-eabi/9.3.1/../../../../arm-none-eabi/lib/thumb/v7e-m+fp/hard\libc_nano.a(lib_a-init.o)
 .ARM.attributes
                0x00000000000001df       0x34 d:/st/stm32cubeide_1.8.0/stm32cubeide/plugins/com.st.stm32cube.ide.mcu.externaltools.gnu-tools-for-stm32.9-2020-q2-update.win32_2.0.0.202105311346/tools/bin/../lib/gcc/arm-none-eabi/9.3.1/../../../../arm-none-eabi/lib/thumb/v7e-m+fp/hard\libc_nano.a(lib_a-memset.o)
 .ARM.attributes
                0x0000000000000213       0x1e d:/st/stm32cubeide_1.8.0/stm32cubeide/plugins/com.st.stm32cube.ide.mcu.externaltools.gnu-tools-for-stm32.9-2020-q2-update.win32_2.0.0.202105311346/tools/bin/../lib/gcc/arm-none-eabi/9.3.1/thumb/v7e-m+fp/hard/crtn.o
OUTPUT(SPI_FLASH_DRIVER_STM32.elf elf32-littlearm)
LOAD linker stubs
LOAD d:/st/stm32cubeide_1.8.0/stm32cubeide/plugins/com.st.stm32cube.ide.mcu.externaltools.gnu-tools-for-stm32.9-2020-q2-update.win32_2.0.0.202105311346/tools/bin/../lib/gcc/arm-none-eabi/9.3.1/../../../../arm-none-eabi/lib/thumb/v7e-m+fp/hard\libc.a
LOAD d:/st/stm32cubeide_1.8.0/stm32cubeide/plugins/com.st.stm32cube.ide.mcu.externaltools.gnu-tools-for-stm32.9-2020-q2-update.win32_2.0.0.202105311346/tools/bin/../lib/gcc/arm-none-eabi/9.3.1/../../../../arm-none-eabi/lib/thumb/v7e-m+fp/hard\libm.a
LOAD d:/st/stm32cubeide_1.8.0/stm32cubeide/plugins/com.st.stm32cube.ide.mcu.externaltools.gnu-tools-for-stm32.9-2020-q2-update.win32_2.0.0.202105311346/tools/bin/../lib/gcc/arm-none-eabi/9.3.1/thumb/v7e-m+fp/hard\libgcc.a

.debug_info     0x0000000000000000     0x5f20
 .debug_info    0x0000000000000000      0xf02 ./Inc/Console/Console.o
 .debug_info    0x0000000000000f02     0x132f ./Inc/GPIO/GPIO.o
 .debug_info    0x0000000000002231      0xf44 ./Inc/SPI/SPI.o
 .debug_info    0x0000000000003175     0x1261 ./Inc/W25QXX/W25QXX.o
 .debug_info    0x00000000000043d6     0x15a7 ./Src/main.o
 .debug_info    0x000000000000597d      0x581 ./Src/system_stm32f4xx.o
 .debug_info    0x0000000000005efe       0x22 ./Startup/startup_stm32f411ceux.o

.debug_abbrev   0x0000000000000000      0xf65
 .debug_abbrev  0x0000000000000000      0x297 ./Inc/Console/Console.o
 .debug_abbrev  0x0000000000000297      0x2b4 ./Inc/GPIO/GPIO.o
 .debug_abbrev  0x000000000000054b      0x27c ./Inc/SPI/SPI.o
 .debug_abbrev  0x00000000000007c7      0x366 ./Inc/W25QXX/W25QXX.o
 .debug_abbrev  0x0000000000000b2d      0x2fd ./Src/main.o
 .debug_abbrev  0x0000000000000e2a      0x129 ./Src/system_stm32f4xx.o
 .debug_abbrev  0x0000000000000f53       0x12 ./Startup/startup_stm32f411ceux.o

.debug_aranges  0x0000000000000000      0x240
 .debug_aranges
                0x0000000000000000       0x38 ./Inc/Console/Console.o
 .debug_aranges
                0x0000000000000038       0x48 ./Inc/GPIO/GPIO.o
 .debug_aranges
                0x0000000000000080       0x40 ./Inc/SPI/SPI.o
 .debug_aranges
                0x00000000000000c0       0xe8 ./Inc/W25QXX/W25QXX.o
 .debug_aranges
                0x00000000000001a8       0x48 ./Src/main.o
 .debug_aranges
                0x00000000000001f0       0x28 ./Src/system_stm32f4xx.o
 .debug_aranges
                0x0000000000000218       0x28 ./Startup/startup_stm32f411ceux.o

.debug_ranges   0x0000000000000000      0x1d8
 .debug_ranges  0x0000000000000000       0x28 ./Inc/Console/Console.o
 .debug_ranges  0x0000000000000028       0x38 ./Inc/GPIO/GPIO.o
 .debug_ranges  0x0000000000000060       0x30 ./Inc/SPI/SPI.o
 .debug_ranges  0x0000000000000090       0xd8 ./Inc/W25QXX/W25QXX.o
 .debug_ranges  0x0000000000000168       0x38 ./Src/main.o
 .debug_ranges  0x00000000000001a0       0x18 ./Src/system_stm32f4xx.o
 .debug_ranges  0x00000000000001b8       0x20 ./Startup/startup_stm32f411ceux.o

.debug_macro    0x0000000000000000    0x105eb
 .debug_macro   0x0000000000000000      0x2f1 ./Inc/Console/Console.o
 .debug_macro   0x00000000000002f1      0xaae ./Inc/Console/Console.o
 .debug_macro   0x0000000000000d9f       0x2e ./Inc/Console/Console.o
 .debug_macro   0x0000000000000dcd       0x28 ./Inc/Console/Console.o
 .debug_macro   0x0000000000000df5       0x22 ./Inc/Console/Console.o
 .debug_macro   0x0000000000000e17       0x8e ./Inc/Console/Console.o
 .debug_macro   0x0000000000000ea5       0x51 ./Inc/Console/Console.o
 .debug_macro   0x0000000000000ef6      0x103 ./Inc/Console/Console.o
 .debug_macro   0x0000000000000ff9       0x6a ./Inc/Console/Console.o
 .debug_macro   0x0000000000001063      0x1df ./Inc/Console/Console.o
 .debug_macro   0x0000000000001242       0x1c ./Inc/Console/Console.o
 .debug_macro   0x000000000000125e       0x22 ./Inc/Console/Console.o
 .debug_macro   0x0000000000001280       0xdf ./Inc/Console/Console.o
 .debug_macro   0x000000000000135f     0x102d ./Inc/Console/Console.o
 .debug_macro   0x000000000000238c      0x11f ./Inc/Console/Console.o
 .debug_macro   0x00000000000024ab     0xb937 ./Inc/Console/Console.o
 .debug_macro   0x000000000000dde2       0x43 ./Inc/Console/Console.o
 .debug_macro   0x000000000000de25       0x22 ./Inc/Console/Console.o
 .debug_macro   0x000000000000de47       0x52 ./Inc/Console/Console.o
 .debug_macro   0x000000000000de99       0x18 ./Inc/Console/Console.o
 .debug_macro   0x000000000000deb1       0x3c ./Inc/Console/Console.o
 .debug_macro   0x000000000000deed       0x34 ./Inc/Console/Console.o
 .debug_macro   0x000000000000df21      0x174 ./Inc/Console/Console.o
 .debug_macro   0x000000000000e095       0x16 ./Inc/Console/Console.o
 .debug_macro   0x000000000000e0ab       0x43 ./Inc/Console/Console.o
 .debug_macro   0x000000000000e0ee       0x34 ./Inc/Console/Console.o
 .debug_macro   0x000000000000e122       0x10 ./Inc/Console/Console.o
 .debug_macro   0x000000000000e132       0x58 ./Inc/Console/Console.o
 .debug_macro   0x000000000000e18a       0x71 ./Inc/Console/Console.o
 .debug_macro   0x000000000000e1fb       0x1c ./Inc/Console/Console.o
 .debug_macro   0x000000000000e217      0x12a ./Inc/Console/Console.o
 .debug_macro   0x000000000000e341      0x333 ./Inc/Console/Console.o
 .debug_macro   0x000000000000e674       0x10 ./Inc/Console/Console.o
 .debug_macro   0x000000000000e684       0x35 ./Inc/Console/Console.o
 .debug_macro   0x000000000000e6b9       0x20 ./Inc/Console/Console.o
 .debug_macro   0x000000000000e6d9       0x16 ./Inc/Console/Console.o
 .debug_macro   0x000000000000e6ef       0x16 ./Inc/Console/Console.o
 .debug_macro   0x000000000000e705       0x29 ./Inc/Console/Console.o
 .debug_macro   0x000000000000e72e       0x58 ./Inc/Console/Console.o
 .debug_macro   0x000000000000e786       0x1c ./Inc/Console/Console.o
 .debug_macro   0x000000000000e7a2       0x10 ./Inc/Console/Console.o
 .debug_macro   0x000000000000e7b2       0x1c ./Inc/Console/Console.o
 .debug_macro   0x000000000000e7ce       0x52 ./Inc/Console/Console.o
 .debug_macro   0x000000000000e820       0x22 ./Inc/Console/Console.o
 .debug_macro   0x000000000000e842       0x10 ./Inc/Console/Console.o
 .debug_macro   0x000000000000e852       0x40 ./Inc/Console/Console.o
 .debug_macro   0x000000000000e892       0xd5 ./Inc/Console/Console.o
 .debug_macro   0x000000000000e967       0x1c ./Inc/Console/Console.o
 .debug_macro   0x000000000000e983       0x3d ./Inc/Console/Console.o
 .debug_macro   0x000000000000e9c0       0x16 ./Inc/Console/Console.o
 .debug_macro   0x000000000000e9d6      0x145 ./Inc/Console/Console.o
 .debug_macro   0x000000000000eb1b      0x1a9 ./Inc/Console/Console.o
 .debug_macro   0x000000000000ecc4       0x10 ./Inc/Console/Console.o
 .debug_macro   0x000000000000ecd4      0x460 ./Inc/Console/Console.o
 .debug_macro   0x000000000000f134       0x76 ./Inc/Console/Console.o
 .debug_macro   0x000000000000f1aa      0x302 ./Inc/Console/Console.o
 .debug_macro   0x000000000000f4ac      0x2fb ./Inc/GPIO/GPIO.o
 .debug_macro   0x000000000000f7a7      0x2fc ./Inc/GPIO/GPIO.o
 .debug_macro   0x000000000000faa3      0x300 ./Inc/SPI/SPI.o
 .debug_macro   0x000000000000fda3       0x40 ./Inc/SPI/SPI.o
 .debug_macro   0x000000000000fde3      0x30d ./Inc/W25QXX/W25QXX.o
 .debug_macro   0x00000000000100f0       0xb2 ./Inc/W25QXX/W25QXX.o
 .debug_macro   0x00000000000101a2       0x46 ./Inc/W25QXX/W25QXX.o
 .debug_macro   0x00000000000101e8      0x317 ./Src/main.o
 .debug_macro   0x00000000000104ff       0xec ./Src/system_stm32f4xx.o

.debug_line     0x0000000000000000     0x3457
 .debug_line    0x0000000000000000      0x7fa ./Inc/Console/Console.o
 .debug_line    0x00000000000007fa      0x83b ./Inc/GPIO/GPIO.o
 .debug_line    0x0000000000001035      0x9d7 ./Inc/SPI/SPI.o
 .debug_line    0x0000000000001a0c      0xc64 ./Inc/W25QXX/W25QXX.o
 .debug_line    0x0000000000002670      0x8a9 ./Src/main.o
 .debug_line    0x0000000000002f19      0x4ba ./Src/system_stm32f4xx.o
 .debug_line    0x00000000000033d3       0x84 ./Startup/startup_stm32f411ceux.o

.debug_str      0x0000000000000000    0x569b7
 .debug_str     0x0000000000000000    0x55c85 ./Inc/Console/Console.o
                                      0x55f98 (size before relaxing)
 .debug_str     0x0000000000055c85      0x4bc ./Inc/GPIO/GPIO.o
                                      0x563ec (size before relaxing)
 .debug_str     0x0000000000056141      0x1d8 ./Inc/SPI/SPI.o
                                      0x560de (size before relaxing)
 .debug_str     0x0000000000056319      0x512 ./Inc/W25QXX/W25QXX.o
                                      0x564c0 (size before relaxing)
 .debug_str     0x000000000005682b       0xad ./Src/main.o
                                      0x56832 (size before relaxing)
 .debug_str     0x00000000000568d8       0xae ./Src/system_stm32f4xx.o
                                      0x4f87a (size before relaxing)
 .debug_str     0x0000000000056986       0x31 ./Startup/startup_stm32f411ceux.o
                                         0x80 (size before relaxing)

.comment        0x0000000000000000       0x53
 .comment       0x0000000000000000       0x53 ./Inc/Console/Console.o
                                         0x54 (size before relaxing)
 .comment       0x0000000000000053       0x54 ./Inc/GPIO/GPIO.o
 .comment       0x0000000000000053       0x54 ./Inc/SPI/SPI.o
 .comment       0x0000000000000053       0x54 ./Inc/W25QXX/W25QXX.o
 .comment       0x0000000000000053       0x54 ./Src/main.o
 .comment       0x0000000000000053       0x54 ./Src/system_stm32f4xx.o

.debug_frame    0x0000000000000000      0x86c
 .debug_frame   0x0000000000000000       0xdc ./Inc/Console/Console.o
 .debug_frame   0x00000000000000dc       0xfc ./Inc/GPIO/GPIO.o
 .debug_frame   0x00000000000001d8       0xe8 ./Inc/SPI/SPI.o
 .debug_frame   0x00000000000002c0      0x420 ./Inc/W25QXX/W25QXX.o
 .debug_frame   0x00000000000006e0       0xe8 ./Src/main.o
 .debug_frame   0x00000000000007c8       0x58 ./Src/system_stm32f4xx.o
 .debug_frame   0x0000000000000820       0x2c d:/st/stm32cubeide_1.8.0/stm32cubeide/plugins/com.st.stm32cube.ide.mcu.externaltools.gnu-tools-for-stm32.9-2020-q2-update.win32_2.0.0.202105311346/tools/bin/../lib/gcc/arm-none-eabi/9.3.1/../../../../arm-none-eabi/lib/thumb/v7e-m+fp/hard\libc_nano.a(lib_a-init.o)
 .debug_frame   0x000000000000084c       0x20 d:/st/stm32cubeide_1.8.0/stm32cubeide/plugins/com.st.stm32cube.ide.mcu.externaltools.gnu-tools-for-stm32.9-2020-q2-update.win32_2.0.0.202105311346/tools/bin/../lib/gcc/arm-none-eabi/9.3.1/../../../../arm-none-eabi/lib/thumb/v7e-m+fp/hard\libc_nano.a(lib_a-memset.o)
