main.h:145:26:Delay_us	16	static
W25QXX.c:17:9:W25Qx_Read_SR1	40	static
W25QXX.c:28:17:W25Qx_Read_SR2	40	static
W25QXX.c:40:17:W25Qx_Read_Busy_Bit	16	static
W25QXX.c:54:17:W25Qx_Read_Write_Enable_Latch	16	static
W25QXX.c:68:17:W25Qx_Read_Block_Protection_Bits	16	static
W25QXX.c:77:17:W25Qx_Read_Sector_Protect_Bits	16	static
W25QXX.c:86:18:W25Qx_Suspend_Status_Bit	16	static
W25QXX.c:95:14:W25Qx_Flash_Write_Enable	32	static
W25QXX.c:109:14:W25Qx_Flash_Write_Disable	32	static
W25QXX.c:117:14:W25Qx_Write_SR1	40	static
W25QXX.c:138:6:W25Qx_Init	40	static
W25QXX.c:160:6:W25Qx_Reset	32	static
W25QXX.c:168:6:W25Qx_Chip_Erase	32	static
W25QXX.c:177:6:W25Qx_Erase_Sector	40	static
W25QXX.c:192:6:W25Qx_Write_Flash	40	static
W25QXX.c:206:6:W25Qx_Write_Flash_Buffer	56	static
W25QXX.c:238:9:W25Qx_Read_Flash	48	static
W25QXX.c:255:6:W25Qx_Read_Flash_Buffer	56	static
W25QXX.c:272:10:W25Qx_Read_ID	40	static
W25QXX.c:289:6:W25Qx_Erase_Data	280	static
W25QXX.c:309:6:W25Qx_Read_JEDEC_ID	40	static
W25QXX.c:322:10:W25Qx_Read_Unique_ID	48	static
W25QXX.c:349:9:W25Qx_Read_Manufacturing_ID	40	static
W25QXX.c:364:9:W25Qx_Read_Device_ID	40	static
W25QXX.c:378:6:W25Qx_Save_String	10028	static
